MPLINK 4.40, Linker
Linker Map File - Created Tue Oct  6 14:28:26 2015

                                 Section Info
                  Section       Type    Address   Location Size(Bytes)
                ---------  ---------  ---------  ---------  ---------
               _entry_scn       code   0x000000    program   0x000006
                   .cinit    romdata   0x000006    program   0x000002
         _highPriorityInt       code   0x000008    program   0x000bb6
             .stringtable    romdata   0x000bbe    program   0x0000dd
        .romdata___init.o    romdata   0x000c9b    program   0x000000
        .idata___init.o_i    romdata   0x000c9b    program   0x000000
      .romdata_fxd1616u.o    romdata   0x000c9b    program   0x000000
      .idata_fxd1616u.o_i    romdata   0x000c9b    program   0x000000
      .romdata_fxd0808u.o    romdata   0x000c9b    program   0x000000
      .idata_fxd0808u.o_i    romdata   0x000c9b    program   0x000000
         .idata_c018i.o_i    romdata   0x000c9b    program   0x000000
         .romdata_c018i.o    romdata   0x000c9b    program   0x000000
          .idata_main.o_i    romdata   0x000c9b    program   0x000000
          .romdata_main.o    romdata   0x000c9b    program   0x000000
            .code_c018i.o       code   0x000c9c    program   0x000000
                     PROG       code   0x000c9c    program   0x0000a6
               _cinit_scn       code   0x000d42    program   0x00009e
         .code_fxd1616u.o       code   0x000de0    program   0x00002c
             .code_main.o       code   0x000e0c    program   0x000020
                    .code       code   0x000e2c    program   0x000020
             _startup_scn       code   0x000e4c    program   0x00001c
         .code_fxd0808u.o       code   0x000e68    program   0x00001c
           .code___init.o       code   0x000e84    program   0x000002
    .config_300001_main.o    romdata   0x300001    program   0x000001
    .config_300002_main.o    romdata   0x300002    program   0x000001
    .config_300003_main.o    romdata   0x300003    program   0x000001
    .config_300005_main.o    romdata   0x300005    program   0x000001
    .config_300006_main.o    romdata   0x300006    program   0x000001
                MATH_DATA      udata   0x000000       data   0x000014
     _highPriorityInt_tmp      udata   0x000014       data   0x000004
                 .tmpdata      udata   0x000018       data   0x000004
            .udata_main.o      udata   0x000080       data   0x000066
           .udata_c018i.o      udata   0x0000e6       data   0x00000a
           .idata_c018i.o      idata   0x0000f0       data   0x000000
            .idata_main.o      idata   0x0000f0       data   0x000000
        .udata_fxd0808u.o      udata   0x0000f0       data   0x000000
        .idata_fxd0808u.o      idata   0x0000f0       data   0x000000
        .udata_fxd1616u.o      udata   0x0000f0       data   0x000000
        .idata_fxd1616u.o      idata   0x0000f0       data   0x000000
          .udata___init.o      udata   0x0000f0       data   0x000000
          .idata___init.o      idata   0x0000f0       data   0x000000
                   .stack      udata   0x000d00       data   0x000100
            SFR_UNBANKED0      udata   0x000f80       data   0x000080



                              Program Memory Usage 
                               Start         End      
                           ---------   ---------      
                            0x000000    0x000c9a      
                            0x000c9c    0x000e85      
                            0x300001    0x300003      
                            0x300005    0x300006      
            3722 out of 50200 program addresses used, program memory utilization is 7%



                              Symbols - Sorted by Name
                     Name    Address   Location    Storage File                     
                ---------  ---------  ---------  --------- ---------                
                Backlight   0x000338    program     extern /Users/cody/MPLABXProjects/PIC Bluetooth.X/main.c
              ClearScreen   0x00032e    program     extern /Users/cody/MPLABXProjects/PIC Bluetooth.X/main.c
                   D1616S   0x000cbe    program     static C:\MCC18\v3_39\src\traditional\math\fxd1616s.asm
                D1616SNEG   0x000ccc    program     static C:\MCC18\v3_39\src\traditional\math\fxd1616s.asm
                 D1616SOK   0x000cc8    program     static C:\MCC18\v3_39\src\traditional\math\fxd1616s.asm
                  D1616SX   0x000cde    program     static C:\MCC18\v3_39\src\traditional\math\fxd1616s.asm
                  DA1616S   0x000cae    program     static C:\MCC18\v3_39\src\traditional\math\fxd1616s.asm
                 Delay_ms   0x00053c    program     extern /Users/cody/MPLABXProjects/PIC Bluetooth.X/main.c
                 FXD0808U   0x000e68    program     extern C:\MCC18\v3_39\src\traditional\math\fxd0808u.c
                 FXD1616S   0x000c9c    program     extern C:\MCC18\v3_39\src\traditional\math\fxd1616s.asm
                 FXD1616U   0x000de0    program     extern C:\MCC18\v3_39\src\traditional\math\fxd1616u.c
                 FXM1616S   0x000ce8    program     extern C:\MCC18\v3_39\src\traditional\math\fxm1616s.asm
                 PrintInt   0x000396    program     extern /Users/cody/MPLABXProjects/PIC Bluetooth.X/main.c
                PrintLine   0x000362    program     extern /Users/cody/MPLABXProjects/PIC Bluetooth.X/main.c
                 PrintNum   0x0004a8    program     extern /Users/cody/MPLABXProjects/PIC Bluetooth.X/main.c
                  ReadADC   0x000e0c    program     extern /Users/cody/MPLABXProjects/PIC Bluetooth.X/main.c
              SetPosition   0x00034e    program     extern /Users/cody/MPLABXProjects/PIC Bluetooth.X/main.c
                 SetupADC   0x000520    program     extern /Users/cody/MPLABXProjects/PIC Bluetooth.X/main.c
              SetupSerial   0x00050c    program     extern /Users/cody/MPLABXProjects/PIC Bluetooth.X/main.c
               TSIGN1616A   0x000d34    program     static C:\MCC18\v3_39\src\traditional\math\fxm1616s.asm
                 Transmit   0x000310    program     extern /Users/cody/MPLABXProjects/PIC Bluetooth.X/main.c
       ___return_lbl00000   0x000004    program     static                          
       ___return_lbl00000   0x000e0a    program     static                          
       ___return_lbl00000   0x000e82    program     static                          
       ___return_lbl00001   0x000e66    program     static                          
       ___return_lbl00002   0x000dde    program     static                          
       ___return_lbl00003   0x00000c    program     static                          
               __config_0   0x300001    program     static /Users/cody/MPLABXProjects/PIC Bluetooth.X/main.c
               __config_1   0x300002    program     static /Users/cody/MPLABXProjects/PIC Bluetooth.X/main.c
               __config_2   0x300003    program     static /Users/cody/MPLABXProjects/PIC Bluetooth.X/main.c
               __config_3   0x300005    program     static /Users/cody/MPLABXProjects/PIC Bluetooth.X/main.c
               __config_4   0x300006    program     static /Users/cody/MPLABXProjects/PIC Bluetooth.X/main.c
                   __init   0x000e84    program     extern C:\MCC18\v3_39\src\traditional\stdclib\__init.c
                   __pa_0   0x0009d8    program     static /Users/cody/MPLABXProjects/PIC Bluetooth.X/main.c
                   __pa_1   0x0009ee    program     static /Users/cody/MPLABXProjects/PIC Bluetooth.X/main.c
                  __pa_10   0x000ab0    program     static /Users/cody/MPLABXProjects/PIC Bluetooth.X/main.c
                  __pa_11   0x000ac6    program     static /Users/cody/MPLABXProjects/PIC Bluetooth.X/main.c
                  __pa_12   0x000ad4    program     static /Users/cody/MPLABXProjects/PIC Bluetooth.X/main.c
                  __pa_13   0x000ae2    program     static /Users/cody/MPLABXProjects/PIC Bluetooth.X/main.c
                  __pa_14   0x000aec    program     static /Users/cody/MPLABXProjects/PIC Bluetooth.X/main.c
                  __pa_15   0x000afc    program     static /Users/cody/MPLABXProjects/PIC Bluetooth.X/main.c
                  __pa_16   0x000b0c    program     static /Users/cody/MPLABXProjects/PIC Bluetooth.X/main.c
                  __pa_17   0x000b18    program     static /Users/cody/MPLABXProjects/PIC Bluetooth.X/main.c
                  __pa_18   0x000b26    program     static /Users/cody/MPLABXProjects/PIC Bluetooth.X/main.c
                  __pa_19   0x000b36    program     static /Users/cody/MPLABXProjects/PIC Bluetooth.X/main.c
                   __pa_2   0x0009f6    program     static /Users/cody/MPLABXProjects/PIC Bluetooth.X/main.c
                  __pa_20   0x000b44    program     static /Users/cody/MPLABXProjects/PIC Bluetooth.X/main.c
                  __pa_21   0x000b4c    program     static /Users/cody/MPLABXProjects/PIC Bluetooth.X/main.c
                  __pa_22   0x000b70    program     static /Users/cody/MPLABXProjects/PIC Bluetooth.X/main.c
                  __pa_23   0x000b78    program     static /Users/cody/MPLABXProjects/PIC Bluetooth.X/main.c
                  __pa_24   0x000b8a    program     static /Users/cody/MPLABXProjects/PIC Bluetooth.X/main.c
                  __pa_25   0x000b98    program     static /Users/cody/MPLABXProjects/PIC Bluetooth.X/main.c
                  __pa_26   0x000ba8    program     static /Users/cody/MPLABXProjects/PIC Bluetooth.X/main.c
                  __pa_27   0x000bb4    program     static /Users/cody/MPLABXProjects/PIC Bluetooth.X/main.c
                   __pa_3   0x000a22    program     static /Users/cody/MPLABXProjects/PIC Bluetooth.X/main.c
                   __pa_4   0x000a3a    program     static /Users/cody/MPLABXProjects/PIC Bluetooth.X/main.c
                   __pa_5   0x000a46    program     static /Users/cody/MPLABXProjects/PIC Bluetooth.X/main.c
                   __pa_6   0x000a6e    program     static /Users/cody/MPLABXProjects/PIC Bluetooth.X/main.c
                   __pa_7   0x000a94    program     static /Users/cody/MPLABXProjects/PIC Bluetooth.X/main.c
                   __pa_8   0x000a9e    program     static /Users/cody/MPLABXProjects/PIC Bluetooth.X/main.c
                   __pa_9   0x000aa6    program     static /Users/cody/MPLABXProjects/PIC Bluetooth.X/main.c
               __string_0   0x000c96    program     static /Users/cody/MPLABXProjects/PIC Bluetooth.X/main.c
               __string_1   0x000c90    program     static /Users/cody/MPLABXProjects/PIC Bluetooth.X/main.c
              __string_10   0x000c02    program     static /Users/cody/MPLABXProjects/PIC Bluetooth.X/main.c
              __string_11   0x000bf1    program     static /Users/cody/MPLABXProjects/PIC Bluetooth.X/main.c
              __string_12   0x000be0    program     static /Users/cody/MPLABXProjects/PIC Bluetooth.X/main.c
              __string_13   0x000bcf    program     static /Users/cody/MPLABXProjects/PIC Bluetooth.X/main.c
              __string_14   0x000bbe    program     static /Users/cody/MPLABXProjects/PIC Bluetooth.X/main.c
               __string_2   0x000c81    program     static /Users/cody/MPLABXProjects/PIC Bluetooth.X/main.c
               __string_3   0x000c71    program     static /Users/cody/MPLABXProjects/PIC Bluetooth.X/main.c
               __string_4   0x000c68    program     static /Users/cody/MPLABXProjects/PIC Bluetooth.X/main.c
               __string_5   0x000c57    program     static /Users/cody/MPLABXProjects/PIC Bluetooth.X/main.c
               __string_6   0x000c46    program     static /Users/cody/MPLABXProjects/PIC Bluetooth.X/main.c
               __string_7   0x000c35    program     static /Users/cody/MPLABXProjects/PIC Bluetooth.X/main.c
               __string_8   0x000c24    program     static /Users/cody/MPLABXProjects/PIC Bluetooth.X/main.c
               __string_9   0x000c13    program     static /Users/cody/MPLABXProjects/PIC Bluetooth.X/main.c
            __zero_memory   0x000e2c    program     extern C:\MCC18\v3_39\src\traditional\proc\p18F4525.asm
                _do_cinit   0x000d42    program     extern C:\MCC18\v3_39\src\traditional\startup\c018i.c
                   _entry   0x000000    program     extern C:\MCC18\v3_39\src\traditional\startup\c018i.c
         _highPriorityInt   0x00000e    program     extern /Users/cody/MPLABXProjects/PIC Bluetooth.X/main.c
                 _startup   0x000e4c    program     extern C:\MCC18\v3_39\src\traditional\startup\c018i.c
                compare_l   0x000e42    program     static C:\MCC18\v3_39\src\traditional\proc\p18F4525.asm
                copy_loop   0x000db4    program     static                          
            copy_one_byte   0x000dba    program     static                          
                     done   0x000dde    program     static                          
             done_copying   0x000dc8    program     static                          
                  endloop   0x000e7e    program     static                          
                  endloop   0x000e06    program     static                          
                     loop   0x000e70    program     static                          
                     loop   0x000e5c    program     static                          
                     loop   0x000dea    program     static                          
                   loop_h   0x000e3a    program     static C:\MCC18\v3_39\src\traditional\proc\p18F4525.asm
                   loop_l   0x000e44    program     static C:\MCC18\v3_39\src\traditional\proc\p18F4525.asm
                     main   0x000574    program     extern /Users/cody/MPLABXProjects/PIC Bluetooth.X/main.c
                   rx_int   0x000008    program     extern /Users/cody/MPLABXProjects/PIC Bluetooth.X/main.c
                     test   0x000d5c    program     static                          
               zero_block   0x000e3a    program     static C:\MCC18\v3_39\src\traditional\proc\p18F4525.asm
                   ADCON0   0x000fc2       data     extern C:\MCC18\v3_39\src\traditional\proc\p18F4525.asm
               ADCON0bits   0x000fc2       data     extern C:\MCC18\v3_39\src\traditional\proc\p18F4525.asm
                   ADCON1   0x000fc1       data     extern C:\MCC18\v3_39\src\traditional\proc\p18F4525.asm
               ADCON1bits   0x000fc1       data     extern C:\MCC18\v3_39\src\traditional\proc\p18F4525.asm
                   ADCON2   0x000fc0       data     extern C:\MCC18\v3_39\src\traditional\proc\p18F4525.asm
               ADCON2bits   0x000fc0       data     extern C:\MCC18\v3_39\src\traditional\proc\p18F4525.asm
                    ADRES   0x000fc3       data     extern C:\MCC18\v3_39\src\traditional\proc\p18F4525.asm
                   ADRESH   0x000fc4       data     extern C:\MCC18\v3_39\src\traditional\proc\p18F4525.asm
                   ADRESL   0x000fc3       data     extern C:\MCC18\v3_39\src\traditional\proc\p18F4525.asm
                  BAUDCON   0x000fb8       data     extern C:\MCC18\v3_39\src\traditional\proc\p18F4525.asm
              BAUDCONbits   0x000fb8       data     extern C:\MCC18\v3_39\src\traditional\proc\p18F4525.asm
                  BAUDCTL   0x000fb8       data     extern C:\MCC18\v3_39\src\traditional\proc\p18F4525.asm
              BAUDCTLbits   0x000fb8       data     extern C:\MCC18\v3_39\src\traditional\proc\p18F4525.asm
                      BSR   0x000fe0       data     extern C:\MCC18\v3_39\src\traditional\proc\p18F4525.asm
                  CCP1CON   0x000fbd       data     extern C:\MCC18\v3_39\src\traditional\proc\p18F4525.asm
              CCP1CONbits   0x000fbd       data     extern C:\MCC18\v3_39\src\traditional\proc\p18F4525.asm
                  CCP2CON   0x000fba       data     extern C:\MCC18\v3_39\src\traditional\proc\p18F4525.asm
              CCP2CONbits   0x000fba       data     extern C:\MCC18\v3_39\src\traditional\proc\p18F4525.asm
                    CCPR1   0x000fbe       data     extern C:\MCC18\v3_39\src\traditional\proc\p18F4525.asm
                   CCPR1H   0x000fbf       data     extern C:\MCC18\v3_39\src\traditional\proc\p18F4525.asm
                   CCPR1L   0x000fbe       data     extern C:\MCC18\v3_39\src\traditional\proc\p18F4525.asm
                    CCPR2   0x000fbb       data     extern C:\MCC18\v3_39\src\traditional\proc\p18F4525.asm
                   CCPR2H   0x000fbc       data     extern C:\MCC18\v3_39\src\traditional\proc\p18F4525.asm
                   CCPR2L   0x000fbb       data     extern C:\MCC18\v3_39\src\traditional\proc\p18F4525.asm
                    CMCON   0x000fb4       data     extern C:\MCC18\v3_39\src\traditional\proc\p18F4525.asm
                CMCONbits   0x000fb4       data     extern C:\MCC18\v3_39\src\traditional\proc\p18F4525.asm
                   CVRCON   0x000fb5       data     extern C:\MCC18\v3_39\src\traditional\proc\p18F4525.asm
               CVRCONbits   0x000fb5       data     extern C:\MCC18\v3_39\src\traditional\proc\p18F4525.asm
                     DDRA   0x000f92       data     extern C:\MCC18\v3_39\src\traditional\proc\p18F4525.asm
                 DDRAbits   0x000f92       data     extern C:\MCC18\v3_39\src\traditional\proc\p18F4525.asm
                     DDRB   0x000f93       data     extern C:\MCC18\v3_39\src\traditional\proc\p18F4525.asm
                 DDRBbits   0x000f93       data     extern C:\MCC18\v3_39\src\traditional\proc\p18F4525.asm
                     DDRC   0x000f94       data     extern C:\MCC18\v3_39\src\traditional\proc\p18F4525.asm
                 DDRCbits   0x000f94       data     extern C:\MCC18\v3_39\src\traditional\proc\p18F4525.asm
                     DDRD   0x000f95       data     extern C:\MCC18\v3_39\src\traditional\proc\p18F4525.asm
                 DDRDbits   0x000f95       data     extern C:\MCC18\v3_39\src\traditional\proc\p18F4525.asm
                     DDRE   0x000f96       data     extern C:\MCC18\v3_39\src\traditional\proc\p18F4525.asm
                 DDREbits   0x000f96       data     extern C:\MCC18\v3_39\src\traditional\proc\p18F4525.asm
                  ECCP1AS   0x000fb6       data     extern C:\MCC18\v3_39\src\traditional\proc\p18F4525.asm
              ECCP1ASbits   0x000fb6       data     extern C:\MCC18\v3_39\src\traditional\proc\p18F4525.asm
                   ECCPAS   0x000fb6       data     extern C:\MCC18\v3_39\src\traditional\proc\p18F4525.asm
               ECCPASbits   0x000fb6       data     extern C:\MCC18\v3_39\src\traditional\proc\p18F4525.asm
                    EEADR   0x000fa9       data     extern C:\MCC18\v3_39\src\traditional\proc\p18F4525.asm
                   EEADRH   0x000faa       data     extern C:\MCC18\v3_39\src\traditional\proc\p18F4525.asm
                   EECON1   0x000fa6       data     extern C:\MCC18\v3_39\src\traditional\proc\p18F4525.asm
               EECON1bits   0x000fa6       data     extern C:\MCC18\v3_39\src\traditional\proc\p18F4525.asm
                   EECON2   0x000fa7       data     extern C:\MCC18\v3_39\src\traditional\proc\p18F4525.asm
                   EEDATA   0x000fa8       data     extern C:\MCC18\v3_39\src\traditional\proc\p18F4525.asm
                     FSR0   0x000fe9       data     extern C:\MCC18\v3_39\src\traditional\proc\p18F4525.asm
                    FSR0H   0x000fea       data     extern C:\MCC18\v3_39\src\traditional\proc\p18F4525.asm
                    FSR0L   0x000fe9       data     extern C:\MCC18\v3_39\src\traditional\proc\p18F4525.asm
                     FSR1   0x000fe1       data     extern C:\MCC18\v3_39\src\traditional\proc\p18F4525.asm
                    FSR1H   0x000fe2       data     extern C:\MCC18\v3_39\src\traditional\proc\p18F4525.asm
                    FSR1L   0x000fe1       data     extern C:\MCC18\v3_39\src\traditional\proc\p18F4525.asm
                     FSR2   0x000fd9       data     extern C:\MCC18\v3_39\src\traditional\proc\p18F4525.asm
                    FSR2H   0x000fda       data     extern C:\MCC18\v3_39\src\traditional\proc\p18F4525.asm
                    FSR2L   0x000fd9       data     extern C:\MCC18\v3_39\src\traditional\proc\p18F4525.asm
                  HLVDCON   0x000fd2       data     extern C:\MCC18\v3_39\src\traditional\proc\p18F4525.asm
              HLVDCONbits   0x000fd2       data     extern C:\MCC18\v3_39\src\traditional\proc\p18F4525.asm
                    INDF0   0x000fef       data     extern C:\MCC18\v3_39\src\traditional\proc\p18F4525.asm
                    INDF1   0x000fe7       data     extern C:\MCC18\v3_39\src\traditional\proc\p18F4525.asm
                    INDF2   0x000fdf       data     extern C:\MCC18\v3_39\src\traditional\proc\p18F4525.asm
                   INTCON   0x000ff2       data     extern C:\MCC18\v3_39\src\traditional\proc\p18F4525.asm
                  INTCON2   0x000ff1       data     extern C:\MCC18\v3_39\src\traditional\proc\p18F4525.asm
              INTCON2bits   0x000ff1       data     extern C:\MCC18\v3_39\src\traditional\proc\p18F4525.asm
                  INTCON3   0x000ff0       data     extern C:\MCC18\v3_39\src\traditional\proc\p18F4525.asm
              INTCON3bits   0x000ff0       data     extern C:\MCC18\v3_39\src\traditional\proc\p18F4525.asm
               INTCONbits   0x000ff2       data     extern C:\MCC18\v3_39\src\traditional\proc\p18F4525.asm
                     IPR1   0x000f9f       data     extern C:\MCC18\v3_39\src\traditional\proc\p18F4525.asm
                 IPR1bits   0x000f9f       data     extern C:\MCC18\v3_39\src\traditional\proc\p18F4525.asm
                     IPR2   0x000fa2       data     extern C:\MCC18\v3_39\src\traditional\proc\p18F4525.asm
                 IPR2bits   0x000fa2       data     extern C:\MCC18\v3_39\src\traditional\proc\p18F4525.asm
                     LATA   0x000f89       data     extern C:\MCC18\v3_39\src\traditional\proc\p18F4525.asm
                 LATAbits   0x000f89       data     extern C:\MCC18\v3_39\src\traditional\proc\p18F4525.asm
                     LATB   0x000f8a       data     extern C:\MCC18\v3_39\src\traditional\proc\p18F4525.asm
                 LATBbits   0x000f8a       data     extern C:\MCC18\v3_39\src\traditional\proc\p18F4525.asm
                     LATC   0x000f8b       data     extern C:\MCC18\v3_39\src\traditional\proc\p18F4525.asm
                 LATCbits   0x000f8b       data     extern C:\MCC18\v3_39\src\traditional\proc\p18F4525.asm
                     LATD   0x000f8c       data     extern C:\MCC18\v3_39\src\traditional\proc\p18F4525.asm
                 LATDbits   0x000f8c       data     extern C:\MCC18\v3_39\src\traditional\proc\p18F4525.asm
                     LATE   0x000f8d       data     extern C:\MCC18\v3_39\src\traditional\proc\p18F4525.asm
                 LATEbits   0x000f8d       data     extern C:\MCC18\v3_39\src\traditional\proc\p18F4525.asm
                 LEDcount   0x000085       data     extern /Users/cody/MPLABXProjects/PIC Bluetooth.X/main.c
                   LVDCON   0x000fd2       data     extern C:\MCC18\v3_39\src\traditional\proc\p18F4525.asm
               LVDCONbits   0x000fd2       data     extern C:\MCC18\v3_39\src\traditional\proc\p18F4525.asm
                   OSCCON   0x000fd3       data     extern C:\MCC18\v3_39\src\traditional\proc\p18F4525.asm
               OSCCONbits   0x000fd3       data     extern C:\MCC18\v3_39\src\traditional\proc\p18F4525.asm
                  OSCTUNE   0x000f9b       data     extern C:\MCC18\v3_39\src\traditional\proc\p18F4525.asm
              OSCTUNEbits   0x000f9b       data     extern C:\MCC18\v3_39\src\traditional\proc\p18F4525.asm
                       PC   0x000ff9       data     extern C:\MCC18\v3_39\src\traditional\proc\p18F4525.asm
                      PCL   0x000ff9       data     extern C:\MCC18\v3_39\src\traditional\proc\p18F4525.asm
                   PCLATH   0x000ffa       data     extern C:\MCC18\v3_39\src\traditional\proc\p18F4525.asm
                   PCLATU   0x000ffb       data     extern C:\MCC18\v3_39\src\traditional\proc\p18F4525.asm
                     PIE1   0x000f9d       data     extern C:\MCC18\v3_39\src\traditional\proc\p18F4525.asm
                 PIE1bits   0x000f9d       data     extern C:\MCC18\v3_39\src\traditional\proc\p18F4525.asm
                     PIE2   0x000fa0       data     extern C:\MCC18\v3_39\src\traditional\proc\p18F4525.asm
                 PIE2bits   0x000fa0       data     extern C:\MCC18\v3_39\src\traditional\proc\p18F4525.asm
                     PIR1   0x000f9e       data     extern C:\MCC18\v3_39\src\traditional\proc\p18F4525.asm
                 PIR1bits   0x000f9e       data     extern C:\MCC18\v3_39\src\traditional\proc\p18F4525.asm
                     PIR2   0x000fa1       data     extern C:\MCC18\v3_39\src\traditional\proc\p18F4525.asm
                 PIR2bits   0x000fa1       data     extern C:\MCC18\v3_39\src\traditional\proc\p18F4525.asm
                   PLUSW0   0x000feb       data     extern C:\MCC18\v3_39\src\traditional\proc\p18F4525.asm
                   PLUSW1   0x000fe3       data     extern C:\MCC18\v3_39\src\traditional\proc\p18F4525.asm
                   PLUSW2   0x000fdb       data     extern C:\MCC18\v3_39\src\traditional\proc\p18F4525.asm
                    PORTA   0x000f80       data     extern C:\MCC18\v3_39\src\traditional\proc\p18F4525.asm
                PORTAbits   0x000f80       data     extern C:\MCC18\v3_39\src\traditional\proc\p18F4525.asm
                    PORTB   0x000f81       data     extern C:\MCC18\v3_39\src\traditional\proc\p18F4525.asm
                PORTBbits   0x000f81       data     extern C:\MCC18\v3_39\src\traditional\proc\p18F4525.asm
                    PORTC   0x000f82       data     extern C:\MCC18\v3_39\src\traditional\proc\p18F4525.asm
                PORTCbits   0x000f82       data     extern C:\MCC18\v3_39\src\traditional\proc\p18F4525.asm
                    PORTD   0x000f83       data     extern C:\MCC18\v3_39\src\traditional\proc\p18F4525.asm
                PORTDbits   0x000f83       data     extern C:\MCC18\v3_39\src\traditional\proc\p18F4525.asm
                    PORTE   0x000f84       data     extern C:\MCC18\v3_39\src\traditional\proc\p18F4525.asm
                PORTEbits   0x000f84       data     extern C:\MCC18\v3_39\src\traditional\proc\p18F4525.asm
                 POSTDEC0   0x000fed       data     extern C:\MCC18\v3_39\src\traditional\proc\p18F4525.asm
                 POSTDEC1   0x000fe5       data     extern C:\MCC18\v3_39\src\traditional\proc\p18F4525.asm
                 POSTDEC2   0x000fdd       data     extern C:\MCC18\v3_39\src\traditional\proc\p18F4525.asm
                 POSTINC0   0x000fee       data     extern C:\MCC18\v3_39\src\traditional\proc\p18F4525.asm
                 POSTINC1   0x000fe6       data     extern C:\MCC18\v3_39\src\traditional\proc\p18F4525.asm
                 POSTINC2   0x000fde       data     extern C:\MCC18\v3_39\src\traditional\proc\p18F4525.asm
                      PR2   0x000fcb       data     extern C:\MCC18\v3_39\src\traditional\proc\p18F4525.asm
                  PREINC0   0x000fec       data     extern C:\MCC18\v3_39\src\traditional\proc\p18F4525.asm
                  PREINC1   0x000fe4       data     extern C:\MCC18\v3_39\src\traditional\proc\p18F4525.asm
                  PREINC2   0x000fdc       data     extern C:\MCC18\v3_39\src\traditional\proc\p18F4525.asm
                     PROD   0x000ff3       data     extern C:\MCC18\v3_39\src\traditional\proc\p18F4525.asm
                    PRODH   0x000ff4       data     extern C:\MCC18\v3_39\src\traditional\proc\p18F4525.asm
                    PRODL   0x000ff3       data     extern C:\MCC18\v3_39\src\traditional\proc\p18F4525.asm
                  PWM1CON   0x000fb7       data     extern C:\MCC18\v3_39\src\traditional\proc\p18F4525.asm
              PWM1CONbits   0x000fb7       data     extern C:\MCC18\v3_39\src\traditional\proc\p18F4525.asm
                     RCON   0x000fd0       data     extern C:\MCC18\v3_39\src\traditional\proc\p18F4525.asm
                 RCONbits   0x000fd0       data     extern C:\MCC18\v3_39\src\traditional\proc\p18F4525.asm
                    RCREG   0x000fae       data     extern C:\MCC18\v3_39\src\traditional\proc\p18F4525.asm
                    RCSTA   0x000fab       data     extern C:\MCC18\v3_39\src\traditional\proc\p18F4525.asm
                RCSTAbits   0x000fab       data     extern C:\MCC18\v3_39\src\traditional\proc\p18F4525.asm
                     SIGN   0x000000       data     extern C:\MCC18\v3_39\src\traditional\math\cmath18.asm
                    SPBRG   0x000faf       data     extern C:\MCC18\v3_39\src\traditional\proc\p18F4525.asm
                   SPBRGH   0x000fb0       data     extern C:\MCC18\v3_39\src\traditional\proc\p18F4525.asm
                   SSPADD   0x000fc8       data     extern C:\MCC18\v3_39\src\traditional\proc\p18F4525.asm
                   SSPBUF   0x000fc9       data     extern C:\MCC18\v3_39\src\traditional\proc\p18F4525.asm
                  SSPCON1   0x000fc6       data     extern C:\MCC18\v3_39\src\traditional\proc\p18F4525.asm
              SSPCON1bits   0x000fc6       data     extern C:\MCC18\v3_39\src\traditional\proc\p18F4525.asm
                  SSPCON2   0x000fc5       data     extern C:\MCC18\v3_39\src\traditional\proc\p18F4525.asm
              SSPCON2bits   0x000fc5       data     extern C:\MCC18\v3_39\src\traditional\proc\p18F4525.asm
                  SSPSTAT   0x000fc7       data     extern C:\MCC18\v3_39\src\traditional\proc\p18F4525.asm
              SSPSTATbits   0x000fc7       data     extern C:\MCC18\v3_39\src\traditional\proc\p18F4525.asm
                   STATUS   0x000fd8       data     extern C:\MCC18\v3_39\src\traditional\proc\p18F4525.asm
               STATUSbits   0x000fd8       data     extern C:\MCC18\v3_39\src\traditional\proc\p18F4525.asm
                   STKPTR   0x000ffc       data     extern C:\MCC18\v3_39\src\traditional\proc\p18F4525.asm
               STKPTRbits   0x000ffc       data     extern C:\MCC18\v3_39\src\traditional\proc\p18F4525.asm
                    T0CON   0x000fd5       data     extern C:\MCC18\v3_39\src\traditional\proc\p18F4525.asm
                T0CONbits   0x000fd5       data     extern C:\MCC18\v3_39\src\traditional\proc\p18F4525.asm
                    T1CON   0x000fcd       data     extern C:\MCC18\v3_39\src\traditional\proc\p18F4525.asm
                T1CONbits   0x000fcd       data     extern C:\MCC18\v3_39\src\traditional\proc\p18F4525.asm
                    T2CON   0x000fca       data     extern C:\MCC18\v3_39\src\traditional\proc\p18F4525.asm
                T2CONbits   0x000fca       data     extern C:\MCC18\v3_39\src\traditional\proc\p18F4525.asm
                    T3CON   0x000fb1       data     extern C:\MCC18\v3_39\src\traditional\proc\p18F4525.asm
                T3CONbits   0x000fb1       data     extern C:\MCC18\v3_39\src\traditional\proc\p18F4525.asm
                   TABLAT   0x000ff5       data     extern C:\MCC18\v3_39\src\traditional\proc\p18F4525.asm
                   TBLPTR   0x000ff6       data     extern C:\MCC18\v3_39\src\traditional\proc\p18F4525.asm
                  TBLPTRH   0x000ff7       data     extern C:\MCC18\v3_39\src\traditional\proc\p18F4525.asm
                  TBLPTRL   0x000ff6       data     extern C:\MCC18\v3_39\src\traditional\proc\p18F4525.asm
                  TBLPTRU   0x000ff8       data     extern C:\MCC18\v3_39\src\traditional\proc\p18F4525.asm
                    TMR0H   0x000fd7       data     extern C:\MCC18\v3_39\src\traditional\proc\p18F4525.asm
                    TMR0L   0x000fd6       data     extern C:\MCC18\v3_39\src\traditional\proc\p18F4525.asm
                    TMR1H   0x000fcf       data     extern C:\MCC18\v3_39\src\traditional\proc\p18F4525.asm
                    TMR1L   0x000fce       data     extern C:\MCC18\v3_39\src\traditional\proc\p18F4525.asm
                     TMR2   0x000fcc       data     extern C:\MCC18\v3_39\src\traditional\proc\p18F4525.asm
                    TMR3H   0x000fb3       data     extern C:\MCC18\v3_39\src\traditional\proc\p18F4525.asm
                    TMR3L   0x000fb2       data     extern C:\MCC18\v3_39\src\traditional\proc\p18F4525.asm
                  TMRcntH   0x0000b4       data     extern /Users/cody/MPLABXProjects/PIC Bluetooth.X/main.c
                  TMRcntL   0x0000c4       data     extern /Users/cody/MPLABXProjects/PIC Bluetooth.X/main.c
                      TOS   0x000ffd       data     extern C:\MCC18\v3_39\src\traditional\proc\p18F4525.asm
                     TOSH   0x000ffe       data     extern C:\MCC18\v3_39\src\traditional\proc\p18F4525.asm
                     TOSL   0x000ffd       data     extern C:\MCC18\v3_39\src\traditional\proc\p18F4525.asm
                     TOSU   0x000fff       data     extern C:\MCC18\v3_39\src\traditional\proc\p18F4525.asm
                    TRISA   0x000f92       data     extern C:\MCC18\v3_39\src\traditional\proc\p18F4525.asm
                TRISAbits   0x000f92       data     extern C:\MCC18\v3_39\src\traditional\proc\p18F4525.asm
                    TRISB   0x000f93       data     extern C:\MCC18\v3_39\src\traditional\proc\p18F4525.asm
                TRISBbits   0x000f93       data     extern C:\MCC18\v3_39\src\traditional\proc\p18F4525.asm
                    TRISC   0x000f94       data     extern C:\MCC18\v3_39\src\traditional\proc\p18F4525.asm
                TRISCbits   0x000f94       data     extern C:\MCC18\v3_39\src\traditional\proc\p18F4525.asm
                    TRISD   0x000f95       data     extern C:\MCC18\v3_39\src\traditional\proc\p18F4525.asm
                TRISDbits   0x000f95       data     extern C:\MCC18\v3_39\src\traditional\proc\p18F4525.asm
                    TRISE   0x000f96       data     extern C:\MCC18\v3_39\src\traditional\proc\p18F4525.asm
                TRISEbits   0x000f96       data     extern C:\MCC18\v3_39\src\traditional\proc\p18F4525.asm
                    TXREG   0x000fad       data     extern C:\MCC18\v3_39\src\traditional\proc\p18F4525.asm
                    TXSTA   0x000fac       data     extern C:\MCC18\v3_39\src\traditional\proc\p18F4525.asm
                TXSTAbits   0x000fac       data     extern C:\MCC18\v3_39\src\traditional\proc\p18F4525.asm
                        W   0x000fe8       data     extern C:\MCC18\v3_39\src\traditional\proc\p18F4525.asm
                   WDTCON   0x000fd1       data     extern C:\MCC18\v3_39\src\traditional\proc\p18F4525.asm
               WDTCONbits   0x000fd1       data     extern C:\MCC18\v3_39\src\traditional\proc\p18F4525.asm
                     WREG   0x000fe8       data     extern C:\MCC18\v3_39\src\traditional\proc\p18F4525.asm
                 __AARGB0   0x000009       data     extern C:\MCC18\v3_39\src\traditional\math\aarg.asm
                 __AARGB1   0x000008       data     extern C:\MCC18\v3_39\src\traditional\math\aarg.asm
                 __AARGB2   0x000007       data     extern C:\MCC18\v3_39\src\traditional\math\aarg.asm
                 __AARGB3   0x000006       data     extern C:\MCC18\v3_39\src\traditional\math\aarg.asm
                 __AARGB4   0x000005       data     extern C:\MCC18\v3_39\src\traditional\math\aarg.asm
                 __AARGB5   0x000004       data     extern C:\MCC18\v3_39\src\traditional\math\aarg.asm
                 __AARGB6   0x000003       data     extern C:\MCC18\v3_39\src\traditional\math\aarg.asm
                 __AARGB7   0x000002       data     extern C:\MCC18\v3_39\src\traditional\math\aarg.asm
                   __AEXP   0x00000a       data     extern C:\MCC18\v3_39\src\traditional\math\aarg.asm
                 __BARGB0   0x00000e       data     extern C:\MCC18\v3_39\src\traditional\math\barg.asm
                 __BARGB1   0x00000d       data     extern C:\MCC18\v3_39\src\traditional\math\barg.asm
                 __BARGB2   0x00000c       data     extern C:\MCC18\v3_39\src\traditional\math\barg.asm
                 __BARGB3   0x00000b       data     extern C:\MCC18\v3_39\src\traditional\math\barg.asm
                   __BEXP   0x00000f       data     extern C:\MCC18\v3_39\src\traditional\math\barg.asm
                __FPFLAGS   0x000001       data     extern C:\MCC18\v3_39\src\traditional\math\cmath18.asm
            __FPFLAGSbits   0x000001       data     extern C:\MCC18\v3_39\src\traditional\math\cmath18.asm
                  __REMB0   0x000005       data     extern C:\MCC18\v3_39\src\traditional\math\aarg.asm
                  __REMB1   0x000004       data     extern C:\MCC18\v3_39\src\traditional\math\aarg.asm
                  __REMB2   0x000003       data     extern C:\MCC18\v3_39\src\traditional\math\aarg.asm
                  __REMB3   0x000002       data     extern C:\MCC18\v3_39\src\traditional\math\aarg.asm
                   __TEMP   0x000013       data     extern C:\MCC18\v3_39\src\traditional\math\temparg.asm
                 __TEMPB0   0x000013       data     extern C:\MCC18\v3_39\src\traditional\math\temparg.asm
                 __TEMPB1   0x000012       data     extern C:\MCC18\v3_39\src\traditional\math\temparg.asm
                 __TEMPB2   0x000011       data     extern C:\MCC18\v3_39\src\traditional\math\temparg.asm
                 __TEMPB3   0x000010       data     extern C:\MCC18\v3_39\src\traditional\math\temparg.asm
                  __tmp_0   0x000018       data     static /Users/cody/MPLABXProjects/PIC Bluetooth.X/main.c
                  __tmp_1   0x000014       data     static /Users/cody/MPLABXProjects/PIC Bluetooth.X/main.c
                    array   0x00008d       data     extern /Users/cody/MPLABXProjects/PIC Bluetooth.X/main.c
                  counter   0x000087       data     extern /Users/cody/MPLABXProjects/PIC Bluetooth.X/main.c
                curr_byte   0x0000e9       data     static C:\MCC18\v3_39\src\traditional\startup\c018i.c
               curr_entry   0x0000eb       data     static C:\MCC18\v3_39\src\traditional\startup\c018i.c
                       d0   0x0000d8       data     extern /Users/cody/MPLABXProjects/PIC Bluetooth.X/main.c
                       d1   0x0000da       data     extern /Users/cody/MPLABXProjects/PIC Bluetooth.X/main.c
                       d2   0x0000dc       data     extern /Users/cody/MPLABXProjects/PIC Bluetooth.X/main.c
                    data0   0x00008a       data     extern /Users/cody/MPLABXProjects/PIC Bluetooth.X/main.c
                    data1   0x00008b       data     extern /Users/cody/MPLABXProjects/PIC Bluetooth.X/main.c
                    data2   0x00008c       data     extern /Users/cody/MPLABXProjects/PIC Bluetooth.X/main.c
                 data_ptr   0x0000ed       data     static C:\MCC18\v3_39\src\traditional\startup\c018i.c
                debounce0   0x000083       data     extern /Users/cody/MPLABXProjects/PIC Bluetooth.X/main.c
                debounce1   0x000084       data     extern /Users/cody/MPLABXProjects/PIC Bluetooth.X/main.c
                  display   0x0000a2       data     extern /Users/cody/MPLABXProjects/PIC Bluetooth.X/main.c
                  do_MOBD   0x0000a0       data     extern /Users/cody/MPLABXProjects/PIC Bluetooth.X/main.c
                do_median   0x00009f       data     extern /Users/cody/MPLABXProjects/PIC Bluetooth.X/main.c
                    dummy   0x0000d6       data     extern /Users/cody/MPLABXProjects/PIC Bluetooth.X/main.c
                 function   0x000080       data     extern /Users/cody/MPLABXProjects/PIC Bluetooth.X/main.c
                       hr   0x0000e4       data     extern /Users/cody/MPLABXProjects/PIC Bluetooth.X/main.c
                        i   0x000088       data     extern /Users/cody/MPLABXProjects/PIC Bluetooth.X/main.c
                        j   0x000089       data     extern /Users/cody/MPLABXProjects/PIC Bluetooth.X/main.c
                     mobd   0x0000de       data     extern /Users/cody/MPLABXProjects/PIC Bluetooth.X/main.c
                     mode   0x000081       data     extern /Users/cody/MPLABXProjects/PIC Bluetooth.X/main.c
                   output   0x000086       data     extern /Users/cody/MPLABXProjects/PIC Bluetooth.X/main.c
                     prom   0x0000e6       data     static C:\MCC18\v3_39\src\traditional\startup\c018i.c
                     rank   0x000096       data     extern /Users/cody/MPLABXProjects/PIC Bluetooth.X/main.c
               refractory   0x0000a1       data     extern /Users/cody/MPLABXProjects/PIC Bluetooth.X/main.c
                rri_count   0x0000e2       data     extern /Users/cody/MPLABXProjects/PIC Bluetooth.X/main.c
                 sampling   0x0000a4       data     extern /Users/cody/MPLABXProjects/PIC Bluetooth.X/main.c
               sampling_H   0x0000d4       data     extern /Users/cody/MPLABXProjects/PIC Bluetooth.X/main.c
               sampling_L   0x0000d5       data     extern /Users/cody/MPLABXProjects/PIC Bluetooth.X/main.c
                     temp   0x0000a3       data     extern /Users/cody/MPLABXProjects/PIC Bluetooth.X/main.c
                threshold   0x0000e0       data     extern /Users/cody/MPLABXProjects/PIC Bluetooth.X/main.c
                   update   0x000082       data     extern /Users/cody/MPLABXProjects/PIC Bluetooth.X/main.c



                              Symbols - Sorted by Address
                     Name    Address   Location    Storage File                     
                ---------  ---------  ---------  --------- ---------                
                   _entry   0x000000    program     extern C:\MCC18\v3_39\src\traditional\startup\c018i.c
       ___return_lbl00000   0x000004    program     static                          
                   rx_int   0x000008    program     extern /Users/cody/MPLABXProjects/PIC Bluetooth.X/main.c
       ___return_lbl00003   0x00000c    program     static                          
         _highPriorityInt   0x00000e    program     extern /Users/cody/MPLABXProjects/PIC Bluetooth.X/main.c
                 Transmit   0x000310    program     extern /Users/cody/MPLABXProjects/PIC Bluetooth.X/main.c
              ClearScreen   0x00032e    program     extern /Users/cody/MPLABXProjects/PIC Bluetooth.X/main.c
                Backlight   0x000338    program     extern /Users/cody/MPLABXProjects/PIC Bluetooth.X/main.c
              SetPosition   0x00034e    program     extern /Users/cody/MPLABXProjects/PIC Bluetooth.X/main.c
                PrintLine   0x000362    program     extern /Users/cody/MPLABXProjects/PIC Bluetooth.X/main.c
                 PrintInt   0x000396    program     extern /Users/cody/MPLABXProjects/PIC Bluetooth.X/main.c
                 PrintNum   0x0004a8    program     extern /Users/cody/MPLABXProjects/PIC Bluetooth.X/main.c
              SetupSerial   0x00050c    program     extern /Users/cody/MPLABXProjects/PIC Bluetooth.X/main.c
                 SetupADC   0x000520    program     extern /Users/cody/MPLABXProjects/PIC Bluetooth.X/main.c
                 Delay_ms   0x00053c    program     extern /Users/cody/MPLABXProjects/PIC Bluetooth.X/main.c
                     main   0x000574    program     extern /Users/cody/MPLABXProjects/PIC Bluetooth.X/main.c
                   __pa_0   0x0009d8    program     static /Users/cody/MPLABXProjects/PIC Bluetooth.X/main.c
                   __pa_1   0x0009ee    program     static /Users/cody/MPLABXProjects/PIC Bluetooth.X/main.c
                   __pa_2   0x0009f6    program     static /Users/cody/MPLABXProjects/PIC Bluetooth.X/main.c
                   __pa_3   0x000a22    program     static /Users/cody/MPLABXProjects/PIC Bluetooth.X/main.c
                   __pa_4   0x000a3a    program     static /Users/cody/MPLABXProjects/PIC Bluetooth.X/main.c
                   __pa_5   0x000a46    program     static /Users/cody/MPLABXProjects/PIC Bluetooth.X/main.c
                   __pa_6   0x000a6e    program     static /Users/cody/MPLABXProjects/PIC Bluetooth.X/main.c
                   __pa_7   0x000a94    program     static /Users/cody/MPLABXProjects/PIC Bluetooth.X/main.c
                   __pa_8   0x000a9e    program     static /Users/cody/MPLABXProjects/PIC Bluetooth.X/main.c
                   __pa_9   0x000aa6    program     static /Users/cody/MPLABXProjects/PIC Bluetooth.X/main.c
                  __pa_10   0x000ab0    program     static /Users/cody/MPLABXProjects/PIC Bluetooth.X/main.c
                  __pa_11   0x000ac6    program     static /Users/cody/MPLABXProjects/PIC Bluetooth.X/main.c
                  __pa_12   0x000ad4    program     static /Users/cody/MPLABXProjects/PIC Bluetooth.X/main.c
                  __pa_13   0x000ae2    program     static /Users/cody/MPLABXProjects/PIC Bluetooth.X/main.c
                  __pa_14   0x000aec    program     static /Users/cody/MPLABXProjects/PIC Bluetooth.X/main.c
                  __pa_15   0x000afc    program     static /Users/cody/MPLABXProjects/PIC Bluetooth.X/main.c
                  __pa_16   0x000b0c    program     static /Users/cody/MPLABXProjects/PIC Bluetooth.X/main.c
                  __pa_17   0x000b18    program     static /Users/cody/MPLABXProjects/PIC Bluetooth.X/main.c
                  __pa_18   0x000b26    program     static /Users/cody/MPLABXProjects/PIC Bluetooth.X/main.c
                  __pa_19   0x000b36    program     static /Users/cody/MPLABXProjects/PIC Bluetooth.X/main.c
                  __pa_20   0x000b44    program     static /Users/cody/MPLABXProjects/PIC Bluetooth.X/main.c
                  __pa_21   0x000b4c    program     static /Users/cody/MPLABXProjects/PIC Bluetooth.X/main.c
                  __pa_22   0x000b70    program     static /Users/cody/MPLABXProjects/PIC Bluetooth.X/main.c
                  __pa_23   0x000b78    program     static /Users/cody/MPLABXProjects/PIC Bluetooth.X/main.c
                  __pa_24   0x000b8a    program     static /Users/cody/MPLABXProjects/PIC Bluetooth.X/main.c
                  __pa_25   0x000b98    program     static /Users/cody/MPLABXProjects/PIC Bluetooth.X/main.c
                  __pa_26   0x000ba8    program     static /Users/cody/MPLABXProjects/PIC Bluetooth.X/main.c
                  __pa_27   0x000bb4    program     static /Users/cody/MPLABXProjects/PIC Bluetooth.X/main.c
              __string_14   0x000bbe    program     static /Users/cody/MPLABXProjects/PIC Bluetooth.X/main.c
              __string_13   0x000bcf    program     static /Users/cody/MPLABXProjects/PIC Bluetooth.X/main.c
              __string_12   0x000be0    program     static /Users/cody/MPLABXProjects/PIC Bluetooth.X/main.c
              __string_11   0x000bf1    program     static /Users/cody/MPLABXProjects/PIC Bluetooth.X/main.c
              __string_10   0x000c02    program     static /Users/cody/MPLABXProjects/PIC Bluetooth.X/main.c
               __string_9   0x000c13    program     static /Users/cody/MPLABXProjects/PIC Bluetooth.X/main.c
               __string_8   0x000c24    program     static /Users/cody/MPLABXProjects/PIC Bluetooth.X/main.c
               __string_7   0x000c35    program     static /Users/cody/MPLABXProjects/PIC Bluetooth.X/main.c
               __string_6   0x000c46    program     static /Users/cody/MPLABXProjects/PIC Bluetooth.X/main.c
               __string_5   0x000c57    program     static /Users/cody/MPLABXProjects/PIC Bluetooth.X/main.c
               __string_4   0x000c68    program     static /Users/cody/MPLABXProjects/PIC Bluetooth.X/main.c
               __string_3   0x000c71    program     static /Users/cody/MPLABXProjects/PIC Bluetooth.X/main.c
               __string_2   0x000c81    program     static /Users/cody/MPLABXProjects/PIC Bluetooth.X/main.c
               __string_1   0x000c90    program     static /Users/cody/MPLABXProjects/PIC Bluetooth.X/main.c
               __string_0   0x000c96    program     static /Users/cody/MPLABXProjects/PIC Bluetooth.X/main.c
                 FXD1616S   0x000c9c    program     extern C:\MCC18\v3_39\src\traditional\math\fxd1616s.asm
                  DA1616S   0x000cae    program     static C:\MCC18\v3_39\src\traditional\math\fxd1616s.asm
                   D1616S   0x000cbe    program     static C:\MCC18\v3_39\src\traditional\math\fxd1616s.asm
                 D1616SOK   0x000cc8    program     static C:\MCC18\v3_39\src\traditional\math\fxd1616s.asm
                D1616SNEG   0x000ccc    program     static C:\MCC18\v3_39\src\traditional\math\fxd1616s.asm
                  D1616SX   0x000cde    program     static C:\MCC18\v3_39\src\traditional\math\fxd1616s.asm
                 FXM1616S   0x000ce8    program     extern C:\MCC18\v3_39\src\traditional\math\fxm1616s.asm
               TSIGN1616A   0x000d34    program     static C:\MCC18\v3_39\src\traditional\math\fxm1616s.asm
                _do_cinit   0x000d42    program     extern C:\MCC18\v3_39\src\traditional\startup\c018i.c
                     test   0x000d5c    program     static                          
                copy_loop   0x000db4    program     static                          
            copy_one_byte   0x000dba    program     static                          
             done_copying   0x000dc8    program     static                          
                     done   0x000dde    program     static                          
       ___return_lbl00002   0x000dde    program     static                          
                 FXD1616U   0x000de0    program     extern C:\MCC18\v3_39\src\traditional\math\fxd1616u.c
                     loop   0x000dea    program     static                          
                  endloop   0x000e06    program     static                          
       ___return_lbl00000   0x000e0a    program     static                          
                  ReadADC   0x000e0c    program     extern /Users/cody/MPLABXProjects/PIC Bluetooth.X/main.c
            __zero_memory   0x000e2c    program     extern C:\MCC18\v3_39\src\traditional\proc\p18F4525.asm
                   loop_h   0x000e3a    program     static C:\MCC18\v3_39\src\traditional\proc\p18F4525.asm
               zero_block   0x000e3a    program     static C:\MCC18\v3_39\src\traditional\proc\p18F4525.asm
                compare_l   0x000e42    program     static C:\MCC18\v3_39\src\traditional\proc\p18F4525.asm
                   loop_l   0x000e44    program     static C:\MCC18\v3_39\src\traditional\proc\p18F4525.asm
                 _startup   0x000e4c    program     extern C:\MCC18\v3_39\src\traditional\startup\c018i.c
                     loop   0x000e5c    program     static                          
       ___return_lbl00001   0x000e66    program     static                          
                 FXD0808U   0x000e68    program     extern C:\MCC18\v3_39\src\traditional\math\fxd0808u.c
                     loop   0x000e70    program     static                          
                  endloop   0x000e7e    program     static                          
       ___return_lbl00000   0x000e82    program     static                          
                   __init   0x000e84    program     extern C:\MCC18\v3_39\src\traditional\stdclib\__init.c
               __config_0   0x300001    program     static /Users/cody/MPLABXProjects/PIC Bluetooth.X/main.c
               __config_1   0x300002    program     static /Users/cody/MPLABXProjects/PIC Bluetooth.X/main.c
               __config_2   0x300003    program     static /Users/cody/MPLABXProjects/PIC Bluetooth.X/main.c
               __config_3   0x300005    program     static /Users/cody/MPLABXProjects/PIC Bluetooth.X/main.c
               __config_4   0x300006    program     static /Users/cody/MPLABXProjects/PIC Bluetooth.X/main.c
                     SIGN   0x000000       data     extern C:\MCC18\v3_39\src\traditional\math\cmath18.asm
            __FPFLAGSbits   0x000001       data     extern C:\MCC18\v3_39\src\traditional\math\cmath18.asm
                __FPFLAGS   0x000001       data     extern C:\MCC18\v3_39\src\traditional\math\cmath18.asm
                  __REMB3   0x000002       data     extern C:\MCC18\v3_39\src\traditional\math\aarg.asm
                 __AARGB7   0x000002       data     extern C:\MCC18\v3_39\src\traditional\math\aarg.asm
                  __REMB2   0x000003       data     extern C:\MCC18\v3_39\src\traditional\math\aarg.asm
                 __AARGB6   0x000003       data     extern C:\MCC18\v3_39\src\traditional\math\aarg.asm
                  __REMB1   0x000004       data     extern C:\MCC18\v3_39\src\traditional\math\aarg.asm
                 __AARGB5   0x000004       data     extern C:\MCC18\v3_39\src\traditional\math\aarg.asm
                  __REMB0   0x000005       data     extern C:\MCC18\v3_39\src\traditional\math\aarg.asm
                 __AARGB4   0x000005       data     extern C:\MCC18\v3_39\src\traditional\math\aarg.asm
                 __AARGB3   0x000006       data     extern C:\MCC18\v3_39\src\traditional\math\aarg.asm
                 __AARGB2   0x000007       data     extern C:\MCC18\v3_39\src\traditional\math\aarg.asm
                 __AARGB1   0x000008       data     extern C:\MCC18\v3_39\src\traditional\math\aarg.asm
                 __AARGB0   0x000009       data     extern C:\MCC18\v3_39\src\traditional\math\aarg.asm
                   __AEXP   0x00000a       data     extern C:\MCC18\v3_39\src\traditional\math\aarg.asm
                 __BARGB3   0x00000b       data     extern C:\MCC18\v3_39\src\traditional\math\barg.asm
                 __BARGB2   0x00000c       data     extern C:\MCC18\v3_39\src\traditional\math\barg.asm
                 __BARGB1   0x00000d       data     extern C:\MCC18\v3_39\src\traditional\math\barg.asm
                 __BARGB0   0x00000e       data     extern C:\MCC18\v3_39\src\traditional\math\barg.asm
                   __BEXP   0x00000f       data     extern C:\MCC18\v3_39\src\traditional\math\barg.asm
                 __TEMPB3   0x000010       data     extern C:\MCC18\v3_39\src\traditional\math\temparg.asm
                 __TEMPB2   0x000011       data     extern C:\MCC18\v3_39\src\traditional\math\temparg.asm
                 __TEMPB1   0x000012       data     extern C:\MCC18\v3_39\src\traditional\math\temparg.asm
                   __TEMP   0x000013       data     extern C:\MCC18\v3_39\src\traditional\math\temparg.asm
                 __TEMPB0   0x000013       data     extern C:\MCC18\v3_39\src\traditional\math\temparg.asm
                  __tmp_1   0x000014       data     static /Users/cody/MPLABXProjects/PIC Bluetooth.X/main.c
                  __tmp_0   0x000018       data     static /Users/cody/MPLABXProjects/PIC Bluetooth.X/main.c
                 function   0x000080       data     extern /Users/cody/MPLABXProjects/PIC Bluetooth.X/main.c
                     mode   0x000081       data     extern /Users/cody/MPLABXProjects/PIC Bluetooth.X/main.c
                   update   0x000082       data     extern /Users/cody/MPLABXProjects/PIC Bluetooth.X/main.c
                debounce0   0x000083       data     extern /Users/cody/MPLABXProjects/PIC Bluetooth.X/main.c
                debounce1   0x000084       data     extern /Users/cody/MPLABXProjects/PIC Bluetooth.X/main.c
                 LEDcount   0x000085       data     extern /Users/cody/MPLABXProjects/PIC Bluetooth.X/main.c
                   output   0x000086       data     extern /Users/cody/MPLABXProjects/PIC Bluetooth.X/main.c
                  counter   0x000087       data     extern /Users/cody/MPLABXProjects/PIC Bluetooth.X/main.c
                        i   0x000088       data     extern /Users/cody/MPLABXProjects/PIC Bluetooth.X/main.c
                        j   0x000089       data     extern /Users/cody/MPLABXProjects/PIC Bluetooth.X/main.c
                    data0   0x00008a       data     extern /Users/cody/MPLABXProjects/PIC Bluetooth.X/main.c
                    data1   0x00008b       data     extern /Users/cody/MPLABXProjects/PIC Bluetooth.X/main.c
                    data2   0x00008c       data     extern /Users/cody/MPLABXProjects/PIC Bluetooth.X/main.c
                    array   0x00008d       data     extern /Users/cody/MPLABXProjects/PIC Bluetooth.X/main.c
                     rank   0x000096       data     extern /Users/cody/MPLABXProjects/PIC Bluetooth.X/main.c
                do_median   0x00009f       data     extern /Users/cody/MPLABXProjects/PIC Bluetooth.X/main.c
                  do_MOBD   0x0000a0       data     extern /Users/cody/MPLABXProjects/PIC Bluetooth.X/main.c
               refractory   0x0000a1       data     extern /Users/cody/MPLABXProjects/PIC Bluetooth.X/main.c
                  display   0x0000a2       data     extern /Users/cody/MPLABXProjects/PIC Bluetooth.X/main.c
                     temp   0x0000a3       data     extern /Users/cody/MPLABXProjects/PIC Bluetooth.X/main.c
                 sampling   0x0000a4       data     extern /Users/cody/MPLABXProjects/PIC Bluetooth.X/main.c
                  TMRcntH   0x0000b4       data     extern /Users/cody/MPLABXProjects/PIC Bluetooth.X/main.c
                  TMRcntL   0x0000c4       data     extern /Users/cody/MPLABXProjects/PIC Bluetooth.X/main.c
               sampling_H   0x0000d4       data     extern /Users/cody/MPLABXProjects/PIC Bluetooth.X/main.c
               sampling_L   0x0000d5       data     extern /Users/cody/MPLABXProjects/PIC Bluetooth.X/main.c
                    dummy   0x0000d6       data     extern /Users/cody/MPLABXProjects/PIC Bluetooth.X/main.c
                       d0   0x0000d8       data     extern /Users/cody/MPLABXProjects/PIC Bluetooth.X/main.c
                       d1   0x0000da       data     extern /Users/cody/MPLABXProjects/PIC Bluetooth.X/main.c
                       d2   0x0000dc       data     extern /Users/cody/MPLABXProjects/PIC Bluetooth.X/main.c
                     mobd   0x0000de       data     extern /Users/cody/MPLABXProjects/PIC Bluetooth.X/main.c
                threshold   0x0000e0       data     extern /Users/cody/MPLABXProjects/PIC Bluetooth.X/main.c
                rri_count   0x0000e2       data     extern /Users/cody/MPLABXProjects/PIC Bluetooth.X/main.c
                       hr   0x0000e4       data     extern /Users/cody/MPLABXProjects/PIC Bluetooth.X/main.c
                     prom   0x0000e6       data     static C:\MCC18\v3_39\src\traditional\startup\c018i.c
                curr_byte   0x0000e9       data     static C:\MCC18\v3_39\src\traditional\startup\c018i.c
               curr_entry   0x0000eb       data     static C:\MCC18\v3_39\src\traditional\startup\c018i.c
                 data_ptr   0x0000ed       data     static C:\MCC18\v3_39\src\traditional\startup\c018i.c
                PORTAbits   0x000f80       data     extern C:\MCC18\v3_39\src\traditional\proc\p18F4525.asm
                    PORTA   0x000f80       data     extern C:\MCC18\v3_39\src\traditional\proc\p18F4525.asm
                PORTBbits   0x000f81       data     extern C:\MCC18\v3_39\src\traditional\proc\p18F4525.asm
                    PORTB   0x000f81       data     extern C:\MCC18\v3_39\src\traditional\proc\p18F4525.asm
                    PORTC   0x000f82       data     extern C:\MCC18\v3_39\src\traditional\proc\p18F4525.asm
                PORTCbits   0x000f82       data     extern C:\MCC18\v3_39\src\traditional\proc\p18F4525.asm
                    PORTD   0x000f83       data     extern C:\MCC18\v3_39\src\traditional\proc\p18F4525.asm
                PORTDbits   0x000f83       data     extern C:\MCC18\v3_39\src\traditional\proc\p18F4525.asm
                PORTEbits   0x000f84       data     extern C:\MCC18\v3_39\src\traditional\proc\p18F4525.asm
                    PORTE   0x000f84       data     extern C:\MCC18\v3_39\src\traditional\proc\p18F4525.asm
                     LATA   0x000f89       data     extern C:\MCC18\v3_39\src\traditional\proc\p18F4525.asm
                 LATAbits   0x000f89       data     extern C:\MCC18\v3_39\src\traditional\proc\p18F4525.asm
                 LATBbits   0x000f8a       data     extern C:\MCC18\v3_39\src\traditional\proc\p18F4525.asm
                     LATB   0x000f8a       data     extern C:\MCC18\v3_39\src\traditional\proc\p18F4525.asm
                 LATCbits   0x000f8b       data     extern C:\MCC18\v3_39\src\traditional\proc\p18F4525.asm
                     LATC   0x000f8b       data     extern C:\MCC18\v3_39\src\traditional\proc\p18F4525.asm
                     LATD   0x000f8c       data     extern C:\MCC18\v3_39\src\traditional\proc\p18F4525.asm
                 LATDbits   0x000f8c       data     extern C:\MCC18\v3_39\src\traditional\proc\p18F4525.asm
                     LATE   0x000f8d       data     extern C:\MCC18\v3_39\src\traditional\proc\p18F4525.asm
                 LATEbits   0x000f8d       data     extern C:\MCC18\v3_39\src\traditional\proc\p18F4525.asm
                     DDRA   0x000f92       data     extern C:\MCC18\v3_39\src\traditional\proc\p18F4525.asm
                TRISAbits   0x000f92       data     extern C:\MCC18\v3_39\src\traditional\proc\p18F4525.asm
                    TRISA   0x000f92       data     extern C:\MCC18\v3_39\src\traditional\proc\p18F4525.asm
                 DDRAbits   0x000f92       data     extern C:\MCC18\v3_39\src\traditional\proc\p18F4525.asm
                    TRISB   0x000f93       data     extern C:\MCC18\v3_39\src\traditional\proc\p18F4525.asm
                TRISBbits   0x000f93       data     extern C:\MCC18\v3_39\src\traditional\proc\p18F4525.asm
                     DDRB   0x000f93       data     extern C:\MCC18\v3_39\src\traditional\proc\p18F4525.asm
                 DDRBbits   0x000f93       data     extern C:\MCC18\v3_39\src\traditional\proc\p18F4525.asm
                    TRISC   0x000f94       data     extern C:\MCC18\v3_39\src\traditional\proc\p18F4525.asm
                TRISCbits   0x000f94       data     extern C:\MCC18\v3_39\src\traditional\proc\p18F4525.asm
                 DDRCbits   0x000f94       data     extern C:\MCC18\v3_39\src\traditional\proc\p18F4525.asm
                     DDRC   0x000f94       data     extern C:\MCC18\v3_39\src\traditional\proc\p18F4525.asm
                 DDRDbits   0x000f95       data     extern C:\MCC18\v3_39\src\traditional\proc\p18F4525.asm
                     DDRD   0x000f95       data     extern C:\MCC18\v3_39\src\traditional\proc\p18F4525.asm
                    TRISD   0x000f95       data     extern C:\MCC18\v3_39\src\traditional\proc\p18F4525.asm
                TRISDbits   0x000f95       data     extern C:\MCC18\v3_39\src\traditional\proc\p18F4525.asm
                    TRISE   0x000f96       data     extern C:\MCC18\v3_39\src\traditional\proc\p18F4525.asm
                 DDREbits   0x000f96       data     extern C:\MCC18\v3_39\src\traditional\proc\p18F4525.asm
                     DDRE   0x000f96       data     extern C:\MCC18\v3_39\src\traditional\proc\p18F4525.asm
                TRISEbits   0x000f96       data     extern C:\MCC18\v3_39\src\traditional\proc\p18F4525.asm
              OSCTUNEbits   0x000f9b       data     extern C:\MCC18\v3_39\src\traditional\proc\p18F4525.asm
                  OSCTUNE   0x000f9b       data     extern C:\MCC18\v3_39\src\traditional\proc\p18F4525.asm
                 PIE1bits   0x000f9d       data     extern C:\MCC18\v3_39\src\traditional\proc\p18F4525.asm
                     PIE1   0x000f9d       data     extern C:\MCC18\v3_39\src\traditional\proc\p18F4525.asm
                 PIR1bits   0x000f9e       data     extern C:\MCC18\v3_39\src\traditional\proc\p18F4525.asm
                     PIR1   0x000f9e       data     extern C:\MCC18\v3_39\src\traditional\proc\p18F4525.asm
                     IPR1   0x000f9f       data     extern C:\MCC18\v3_39\src\traditional\proc\p18F4525.asm
                 IPR1bits   0x000f9f       data     extern C:\MCC18\v3_39\src\traditional\proc\p18F4525.asm
                 PIE2bits   0x000fa0       data     extern C:\MCC18\v3_39\src\traditional\proc\p18F4525.asm
                     PIE2   0x000fa0       data     extern C:\MCC18\v3_39\src\traditional\proc\p18F4525.asm
                     PIR2   0x000fa1       data     extern C:\MCC18\v3_39\src\traditional\proc\p18F4525.asm
                 PIR2bits   0x000fa1       data     extern C:\MCC18\v3_39\src\traditional\proc\p18F4525.asm
                 IPR2bits   0x000fa2       data     extern C:\MCC18\v3_39\src\traditional\proc\p18F4525.asm
                     IPR2   0x000fa2       data     extern C:\MCC18\v3_39\src\traditional\proc\p18F4525.asm
                   EECON1   0x000fa6       data     extern C:\MCC18\v3_39\src\traditional\proc\p18F4525.asm
               EECON1bits   0x000fa6       data     extern C:\MCC18\v3_39\src\traditional\proc\p18F4525.asm
                   EECON2   0x000fa7       data     extern C:\MCC18\v3_39\src\traditional\proc\p18F4525.asm
                   EEDATA   0x000fa8       data     extern C:\MCC18\v3_39\src\traditional\proc\p18F4525.asm
                    EEADR   0x000fa9       data     extern C:\MCC18\v3_39\src\traditional\proc\p18F4525.asm
                   EEADRH   0x000faa       data     extern C:\MCC18\v3_39\src\traditional\proc\p18F4525.asm
                    RCSTA   0x000fab       data     extern C:\MCC18\v3_39\src\traditional\proc\p18F4525.asm
                RCSTAbits   0x000fab       data     extern C:\MCC18\v3_39\src\traditional\proc\p18F4525.asm
                    TXSTA   0x000fac       data     extern C:\MCC18\v3_39\src\traditional\proc\p18F4525.asm
                TXSTAbits   0x000fac       data     extern C:\MCC18\v3_39\src\traditional\proc\p18F4525.asm
                    TXREG   0x000fad       data     extern C:\MCC18\v3_39\src\traditional\proc\p18F4525.asm
                    RCREG   0x000fae       data     extern C:\MCC18\v3_39\src\traditional\proc\p18F4525.asm
                    SPBRG   0x000faf       data     extern C:\MCC18\v3_39\src\traditional\proc\p18F4525.asm
                   SPBRGH   0x000fb0       data     extern C:\MCC18\v3_39\src\traditional\proc\p18F4525.asm
                    T3CON   0x000fb1       data     extern C:\MCC18\v3_39\src\traditional\proc\p18F4525.asm
                T3CONbits   0x000fb1       data     extern C:\MCC18\v3_39\src\traditional\proc\p18F4525.asm
                    TMR3L   0x000fb2       data     extern C:\MCC18\v3_39\src\traditional\proc\p18F4525.asm
                    TMR3H   0x000fb3       data     extern C:\MCC18\v3_39\src\traditional\proc\p18F4525.asm
                    CMCON   0x000fb4       data     extern C:\MCC18\v3_39\src\traditional\proc\p18F4525.asm
                CMCONbits   0x000fb4       data     extern C:\MCC18\v3_39\src\traditional\proc\p18F4525.asm
                   CVRCON   0x000fb5       data     extern C:\MCC18\v3_39\src\traditional\proc\p18F4525.asm
               CVRCONbits   0x000fb5       data     extern C:\MCC18\v3_39\src\traditional\proc\p18F4525.asm
                  ECCP1AS   0x000fb6       data     extern C:\MCC18\v3_39\src\traditional\proc\p18F4525.asm
              ECCP1ASbits   0x000fb6       data     extern C:\MCC18\v3_39\src\traditional\proc\p18F4525.asm
                   ECCPAS   0x000fb6       data     extern C:\MCC18\v3_39\src\traditional\proc\p18F4525.asm
               ECCPASbits   0x000fb6       data     extern C:\MCC18\v3_39\src\traditional\proc\p18F4525.asm
                  PWM1CON   0x000fb7       data     extern C:\MCC18\v3_39\src\traditional\proc\p18F4525.asm
              PWM1CONbits   0x000fb7       data     extern C:\MCC18\v3_39\src\traditional\proc\p18F4525.asm
                  BAUDCON   0x000fb8       data     extern C:\MCC18\v3_39\src\traditional\proc\p18F4525.asm
              BAUDCONbits   0x000fb8       data     extern C:\MCC18\v3_39\src\traditional\proc\p18F4525.asm
                  BAUDCTL   0x000fb8       data     extern C:\MCC18\v3_39\src\traditional\proc\p18F4525.asm
              BAUDCTLbits   0x000fb8       data     extern C:\MCC18\v3_39\src\traditional\proc\p18F4525.asm
                  CCP2CON   0x000fba       data     extern C:\MCC18\v3_39\src\traditional\proc\p18F4525.asm
              CCP2CONbits   0x000fba       data     extern C:\MCC18\v3_39\src\traditional\proc\p18F4525.asm
                    CCPR2   0x000fbb       data     extern C:\MCC18\v3_39\src\traditional\proc\p18F4525.asm
                   CCPR2L   0x000fbb       data     extern C:\MCC18\v3_39\src\traditional\proc\p18F4525.asm
                   CCPR2H   0x000fbc       data     extern C:\MCC18\v3_39\src\traditional\proc\p18F4525.asm
                  CCP1CON   0x000fbd       data     extern C:\MCC18\v3_39\src\traditional\proc\p18F4525.asm
              CCP1CONbits   0x000fbd       data     extern C:\MCC18\v3_39\src\traditional\proc\p18F4525.asm
                    CCPR1   0x000fbe       data     extern C:\MCC18\v3_39\src\traditional\proc\p18F4525.asm
                   CCPR1L   0x000fbe       data     extern C:\MCC18\v3_39\src\traditional\proc\p18F4525.asm
                   CCPR1H   0x000fbf       data     extern C:\MCC18\v3_39\src\traditional\proc\p18F4525.asm
                   ADCON2   0x000fc0       data     extern C:\MCC18\v3_39\src\traditional\proc\p18F4525.asm
               ADCON2bits   0x000fc0       data     extern C:\MCC18\v3_39\src\traditional\proc\p18F4525.asm
                   ADCON1   0x000fc1       data     extern C:\MCC18\v3_39\src\traditional\proc\p18F4525.asm
               ADCON1bits   0x000fc1       data     extern C:\MCC18\v3_39\src\traditional\proc\p18F4525.asm
                   ADCON0   0x000fc2       data     extern C:\MCC18\v3_39\src\traditional\proc\p18F4525.asm
               ADCON0bits   0x000fc2       data     extern C:\MCC18\v3_39\src\traditional\proc\p18F4525.asm
                    ADRES   0x000fc3       data     extern C:\MCC18\v3_39\src\traditional\proc\p18F4525.asm
                   ADRESL   0x000fc3       data     extern C:\MCC18\v3_39\src\traditional\proc\p18F4525.asm
                   ADRESH   0x000fc4       data     extern C:\MCC18\v3_39\src\traditional\proc\p18F4525.asm
                  SSPCON2   0x000fc5       data     extern C:\MCC18\v3_39\src\traditional\proc\p18F4525.asm
              SSPCON2bits   0x000fc5       data     extern C:\MCC18\v3_39\src\traditional\proc\p18F4525.asm
                  SSPCON1   0x000fc6       data     extern C:\MCC18\v3_39\src\traditional\proc\p18F4525.asm
              SSPCON1bits   0x000fc6       data     extern C:\MCC18\v3_39\src\traditional\proc\p18F4525.asm
                  SSPSTAT   0x000fc7       data     extern C:\MCC18\v3_39\src\traditional\proc\p18F4525.asm
              SSPSTATbits   0x000fc7       data     extern C:\MCC18\v3_39\src\traditional\proc\p18F4525.asm
                   SSPADD   0x000fc8       data     extern C:\MCC18\v3_39\src\traditional\proc\p18F4525.asm
                   SSPBUF   0x000fc9       data     extern C:\MCC18\v3_39\src\traditional\proc\p18F4525.asm
                T2CONbits   0x000fca       data     extern C:\MCC18\v3_39\src\traditional\proc\p18F4525.asm
                    T2CON   0x000fca       data     extern C:\MCC18\v3_39\src\traditional\proc\p18F4525.asm
                      PR2   0x000fcb       data     extern C:\MCC18\v3_39\src\traditional\proc\p18F4525.asm
                     TMR2   0x000fcc       data     extern C:\MCC18\v3_39\src\traditional\proc\p18F4525.asm
                T1CONbits   0x000fcd       data     extern C:\MCC18\v3_39\src\traditional\proc\p18F4525.asm
                    T1CON   0x000fcd       data     extern C:\MCC18\v3_39\src\traditional\proc\p18F4525.asm
                    TMR1L   0x000fce       data     extern C:\MCC18\v3_39\src\traditional\proc\p18F4525.asm
                    TMR1H   0x000fcf       data     extern C:\MCC18\v3_39\src\traditional\proc\p18F4525.asm
                     RCON   0x000fd0       data     extern C:\MCC18\v3_39\src\traditional\proc\p18F4525.asm
                 RCONbits   0x000fd0       data     extern C:\MCC18\v3_39\src\traditional\proc\p18F4525.asm
                   WDTCON   0x000fd1       data     extern C:\MCC18\v3_39\src\traditional\proc\p18F4525.asm
               WDTCONbits   0x000fd1       data     extern C:\MCC18\v3_39\src\traditional\proc\p18F4525.asm
               LVDCONbits   0x000fd2       data     extern C:\MCC18\v3_39\src\traditional\proc\p18F4525.asm
                   LVDCON   0x000fd2       data     extern C:\MCC18\v3_39\src\traditional\proc\p18F4525.asm
              HLVDCONbits   0x000fd2       data     extern C:\MCC18\v3_39\src\traditional\proc\p18F4525.asm
                  HLVDCON   0x000fd2       data     extern C:\MCC18\v3_39\src\traditional\proc\p18F4525.asm
               OSCCONbits   0x000fd3       data     extern C:\MCC18\v3_39\src\traditional\proc\p18F4525.asm
                   OSCCON   0x000fd3       data     extern C:\MCC18\v3_39\src\traditional\proc\p18F4525.asm
                T0CONbits   0x000fd5       data     extern C:\MCC18\v3_39\src\traditional\proc\p18F4525.asm
                    T0CON   0x000fd5       data     extern C:\MCC18\v3_39\src\traditional\proc\p18F4525.asm
                    TMR0L   0x000fd6       data     extern C:\MCC18\v3_39\src\traditional\proc\p18F4525.asm
                    TMR0H   0x000fd7       data     extern C:\MCC18\v3_39\src\traditional\proc\p18F4525.asm
               STATUSbits   0x000fd8       data     extern C:\MCC18\v3_39\src\traditional\proc\p18F4525.asm
                   STATUS   0x000fd8       data     extern C:\MCC18\v3_39\src\traditional\proc\p18F4525.asm
                     FSR2   0x000fd9       data     extern C:\MCC18\v3_39\src\traditional\proc\p18F4525.asm
                    FSR2L   0x000fd9       data     extern C:\MCC18\v3_39\src\traditional\proc\p18F4525.asm
                    FSR2H   0x000fda       data     extern C:\MCC18\v3_39\src\traditional\proc\p18F4525.asm
                   PLUSW2   0x000fdb       data     extern C:\MCC18\v3_39\src\traditional\proc\p18F4525.asm
                  PREINC2   0x000fdc       data     extern C:\MCC18\v3_39\src\traditional\proc\p18F4525.asm
                 POSTDEC2   0x000fdd       data     extern C:\MCC18\v3_39\src\traditional\proc\p18F4525.asm
                 POSTINC2   0x000fde       data     extern C:\MCC18\v3_39\src\traditional\proc\p18F4525.asm
                    INDF2   0x000fdf       data     extern C:\MCC18\v3_39\src\traditional\proc\p18F4525.asm
                      BSR   0x000fe0       data     extern C:\MCC18\v3_39\src\traditional\proc\p18F4525.asm
                    FSR1L   0x000fe1       data     extern C:\MCC18\v3_39\src\traditional\proc\p18F4525.asm
                     FSR1   0x000fe1       data     extern C:\MCC18\v3_39\src\traditional\proc\p18F4525.asm
                    FSR1H   0x000fe2       data     extern C:\MCC18\v3_39\src\traditional\proc\p18F4525.asm
                   PLUSW1   0x000fe3       data     extern C:\MCC18\v3_39\src\traditional\proc\p18F4525.asm
                  PREINC1   0x000fe4       data     extern C:\MCC18\v3_39\src\traditional\proc\p18F4525.asm
                 POSTDEC1   0x000fe5       data     extern C:\MCC18\v3_39\src\traditional\proc\p18F4525.asm
                 POSTINC1   0x000fe6       data     extern C:\MCC18\v3_39\src\traditional\proc\p18F4525.asm
                    INDF1   0x000fe7       data     extern C:\MCC18\v3_39\src\traditional\proc\p18F4525.asm
                     WREG   0x000fe8       data     extern C:\MCC18\v3_39\src\traditional\proc\p18F4525.asm
                        W   0x000fe8       data     extern C:\MCC18\v3_39\src\traditional\proc\p18F4525.asm
                    FSR0L   0x000fe9       data     extern C:\MCC18\v3_39\src\traditional\proc\p18F4525.asm
                     FSR0   0x000fe9       data     extern C:\MCC18\v3_39\src\traditional\proc\p18F4525.asm
                    FSR0H   0x000fea       data     extern C:\MCC18\v3_39\src\traditional\proc\p18F4525.asm
                   PLUSW0   0x000feb       data     extern C:\MCC18\v3_39\src\traditional\proc\p18F4525.asm
                  PREINC0   0x000fec       data     extern C:\MCC18\v3_39\src\traditional\proc\p18F4525.asm
                 POSTDEC0   0x000fed       data     extern C:\MCC18\v3_39\src\traditional\proc\p18F4525.asm
                 POSTINC0   0x000fee       data     extern C:\MCC18\v3_39\src\traditional\proc\p18F4525.asm
                    INDF0   0x000fef       data     extern C:\MCC18\v3_39\src\traditional\proc\p18F4525.asm
              INTCON3bits   0x000ff0       data     extern C:\MCC18\v3_39\src\traditional\proc\p18F4525.asm
                  INTCON3   0x000ff0       data     extern C:\MCC18\v3_39\src\traditional\proc\p18F4525.asm
              INTCON2bits   0x000ff1       data     extern C:\MCC18\v3_39\src\traditional\proc\p18F4525.asm
                  INTCON2   0x000ff1       data     extern C:\MCC18\v3_39\src\traditional\proc\p18F4525.asm
               INTCONbits   0x000ff2       data     extern C:\MCC18\v3_39\src\traditional\proc\p18F4525.asm
                   INTCON   0x000ff2       data     extern C:\MCC18\v3_39\src\traditional\proc\p18F4525.asm
                    PRODL   0x000ff3       data     extern C:\MCC18\v3_39\src\traditional\proc\p18F4525.asm
                     PROD   0x000ff3       data     extern C:\MCC18\v3_39\src\traditional\proc\p18F4525.asm
                    PRODH   0x000ff4       data     extern C:\MCC18\v3_39\src\traditional\proc\p18F4525.asm
                   TABLAT   0x000ff5       data     extern C:\MCC18\v3_39\src\traditional\proc\p18F4525.asm
                  TBLPTRL   0x000ff6       data     extern C:\MCC18\v3_39\src\traditional\proc\p18F4525.asm
                   TBLPTR   0x000ff6       data     extern C:\MCC18\v3_39\src\traditional\proc\p18F4525.asm
                  TBLPTRH   0x000ff7       data     extern C:\MCC18\v3_39\src\traditional\proc\p18F4525.asm
                  TBLPTRU   0x000ff8       data     extern C:\MCC18\v3_39\src\traditional\proc\p18F4525.asm
                      PCL   0x000ff9       data     extern C:\MCC18\v3_39\src\traditional\proc\p18F4525.asm
                       PC   0x000ff9       data     extern C:\MCC18\v3_39\src\traditional\proc\p18F4525.asm
                   PCLATH   0x000ffa       data     extern C:\MCC18\v3_39\src\traditional\proc\p18F4525.asm
                   PCLATU   0x000ffb       data     extern C:\MCC18\v3_39\src\traditional\proc\p18F4525.asm
                   STKPTR   0x000ffc       data     extern C:\MCC18\v3_39\src\traditional\proc\p18F4525.asm
               STKPTRbits   0x000ffc       data     extern C:\MCC18\v3_39\src\traditional\proc\p18F4525.asm
                      TOS   0x000ffd       data     extern C:\MCC18\v3_39\src\traditional\proc\p18F4525.asm
                     TOSL   0x000ffd       data     extern C:\MCC18\v3_39\src\traditional\proc\p18F4525.asm
                     TOSH   0x000ffe       data     extern C:\MCC18\v3_39\src\traditional\proc\p18F4525.asm
                     TOSU   0x000fff       data     extern C:\MCC18\v3_39\src\traditional\proc\p18F4525.asm


